
Build succeeded.
    368 Warning(s)
    0 Error(s)

Time Elapsed 00:00:02.32

Workload updates are available. Run `dotnet workload list` for more information.
